export const exampleMaps = `5e910764c000-5e910764e000 r--p 00000000 08:30 2030                       /usr/bin/sleep
5e910764e000-5e9107652000 r-xp 00002000 08:30 2030                       /usr/bin/sleep
5e9107652000-5e9107653000 r--p 00006000 08:30 2030                       /usr/bin/sleep
5e9107653000-5e9107654000 r--p 00007000 08:30 2030                       /usr/bin/sleep
5e9107654000-5e9107655000 rw-p 00008000 08:30 2030                       /usr/bin/sleep
5e912f99d000-5e912f9be000 rw-p 00000000 00:00 0                          [heap]
73fc4aa00000-73fc4aa28000 r--p 00000000 08:30 12801                      /usr/lib/x86_64-linux-gnu/libc.so.6
73fc4aa28000-73fc4abb0000 r-xp 00028000 08:30 12801                      /usr/lib/x86_64-linux-gnu/libc.so.6
73fc4abb0000-73fc4abff000 r--p 001b0000 08:30 12801                      /usr/lib/x86_64-linux-gnu/libc.so.6
73fc4abff000-73fc4ac03000 r--p 001fe000 08:30 12801                      /usr/lib/x86_64-linux-gnu/libc.so.6
73fc4ac03000-73fc4ac05000 rw-p 00202000 08:30 12801                      /usr/lib/x86_64-linux-gnu/libc.so.6
73fc4ac05000-73fc4ac12000 rw-p 00000000 00:00 0
73fc4ad6d000-73fc4adc6000 r--p 00000000 08:30 2599                       /usr/lib/locale/C.utf8/LC_CTYPE
73fc4adc6000-73fc4adc7000 r--p 00000000 08:30 2606                       /usr/lib/locale/C.utf8/LC_NUMERIC
73fc4adc7000-73fc4adc8000 r--p 00000000 08:30 2609                       /usr/lib/locale/C.utf8/LC_TIME
73fc4adc8000-73fc4adc9000 r--p 00000000 08:30 2598                       /usr/lib/locale/C.utf8/LC_COLLATE
73fc4adc9000-73fc4adca000 r--p 00000000 08:30 2604                       /usr/lib/locale/C.utf8/LC_MONETARY
73fc4adca000-73fc4adcb000 r--p 00000000 08:30 2603                       /usr/lib/locale/C.utf8/LC_MESSAGES/SYS_LC_MESSAGES
73fc4adcb000-73fc4adcc000 r--p 00000000 08:30 2607                       /usr/lib/locale/C.utf8/LC_PAPER
73fc4adcc000-73fc4add3000 r--s 00000000 08:30 12517                      /usr/lib/x86_64-linux-gnu/gconv/gconv-modules.cache
73fc4add3000-73fc4add6000 rw-p 00000000 00:00 0
73fc4add6000-73fc4add7000 r--p 00000000 08:30 2605                       /usr/lib/locale/C.utf8/LC_NAME
73fc4add7000-73fc4add8000 r--p 00000000 08:30 2597                       /usr/lib/locale/C.utf8/LC_ADDRESS
73fc4add8000-73fc4add9000 r--p 00000000 08:30 2608                       /usr/lib/locale/C.utf8/LC_TELEPHONE
73fc4add9000-73fc4adda000 r--p 00000000 08:30 2601                       /usr/lib/locale/C.utf8/LC_MEASUREMENT
73fc4adda000-73fc4addb000 r--p 00000000 08:30 2600                       /usr/lib/locale/C.utf8/LC_IDENTIFICATION
73fc4addb000-73fc4addd000 rw-p 00000000 00:00 0
73fc4addd000-73fc4adde000 r--p 00000000 08:30 12598                      /usr/lib/x86_64-linux-gnu/ld-linux-x86-64.so.2
73fc4adde000-73fc4ae09000 r-xp 00001000 08:30 12598                      /usr/lib/x86_64-linux-gnu/ld-linux-x86-64.so.2
73fc4ae09000-73fc4ae13000 r--p 0002c000 08:30 12598                      /usr/lib/x86_64-linux-gnu/ld-linux-x86-64.so.2
73fc4ae13000-73fc4ae15000 r--p 00036000 08:30 12598                      /usr/lib/x86_64-linux-gnu/ld-linux-x86-64.so.2
73fc4ae15000-73fc4ae17000 rw-p 00038000 08:30 12598                      /usr/lib/x86_64-linux-gnu/ld-linux-x86-64.so.2
7fff15583000-7fff155a5000 rw-p 00000000 00:00 0                          [stack]
7fff155af000-7fff155b3000 r--p 00000000 00:00 0                          [vvar]
7fff155b3000-7fff155b5000 r-xp 00000000 00:00 0                          [vdso]`;

export const exampleSmaps = `5e910764c000-5e910764e000 r--p 00000000 08:30 2030                       /usr/bin/sleep
Size:                  8 kB
KernelPageSize:        4 kB
MMUPageSize:           4 kB
Rss:                   8 kB
Pss:                   8 kB
Pss_Dirty:             0 kB
Shared_Clean:          0 kB
Shared_Dirty:          0 kB
Private_Clean:         8 kB
Private_Dirty:         0 kB
Referenced:            8 kB
Anonymous:             0 kB
KSM:                   0 kB
LazyFree:              0 kB
AnonHugePages:         0 kB
ShmemPmdMapped:        0 kB
FilePmdMapped:         0 kB
Shared_Hugetlb:        0 kB
Private_Hugetlb:       0 kB
Swap:                  0 kB
SwapPss:               0 kB
Locked:                0 kB
THPeligible:           0
VmFlags: rd mr mw me sd
5e910764e000-5e9107652000 r-xp 00002000 08:30 2030                       /usr/bin/sleep
Size:                 16 kB
KernelPageSize:        4 kB
MMUPageSize:           4 kB
Rss:                  16 kB
Pss:                  16 kB
Pss_Dirty:             0 kB
Shared_Clean:          0 kB
Shared_Dirty:          0 kB
Private_Clean:        16 kB
Private_Dirty:         0 kB
Referenced:           16 kB
Anonymous:             0 kB
KSM:                   0 kB
LazyFree:              0 kB
AnonHugePages:         0 kB
ShmemPmdMapped:        0 kB
FilePmdMapped:         0 kB
Shared_Hugetlb:        0 kB
Private_Hugetlb:       0 kB
Swap:                  0 kB
SwapPss:               0 kB
Locked:                0 kB
THPeligible:           0
VmFlags: rd ex mr mw me sd
5e9107652000-5e9107653000 r--p 00006000 08:30 2030                       /usr/bin/sleep
Size:                  4 kB
KernelPageSize:        4 kB
MMUPageSize:           4 kB
Rss:                   4 kB
Pss:                   4 kB
Pss_Dirty:             0 kB
Shared_Clean:          0 kB
Shared_Dirty:          0 kB
Private_Clean:         4 kB
Private_Dirty:         0 kB
Referenced:            4 kB
Anonymous:             0 kB
KSM:                   0 kB
LazyFree:              0 kB
AnonHugePages:         0 kB
ShmemPmdMapped:        0 kB
FilePmdMapped:         0 kB
Shared_Hugetlb:        0 kB
Private_Hugetlb:       0 kB
Swap:                  0 kB
SwapPss:               0 kB
Locked:                0 kB
THPeligible:           0
VmFlags: rd mr mw me sd
5e9107653000-5e9107654000 r--p 00007000 08:30 2030                       /usr/bin/sleep
Size:                  4 kB
KernelPageSize:        4 kB
MMUPageSize:           4 kB
Rss:                   4 kB
Pss:                   4 kB
Pss_Dirty:             4 kB
Shared_Clean:          0 kB
Shared_Dirty:          0 kB
Private_Clean:         0 kB
Private_Dirty:         4 kB
Referenced:            4 kB
Anonymous:             4 kB
KSM:                   0 kB
LazyFree:              0 kB
AnonHugePages:         0 kB
ShmemPmdMapped:        0 kB
FilePmdMapped:         0 kB
Shared_Hugetlb:        0 kB
Private_Hugetlb:       0 kB
Swap:                  0 kB
SwapPss:               0 kB
Locked:                0 kB
THPeligible:           0
VmFlags: rd mr mw me ac sd
5e9107654000-5e9107655000 rw-p 00008000 08:30 2030                       /usr/bin/sleep
Size:                  4 kB
KernelPageSize:        4 kB
MMUPageSize:           4 kB
Rss:                   4 kB
Pss:                   4 kB
Pss_Dirty:             4 kB
Shared_Clean:          0 kB
Shared_Dirty:          0 kB
Private_Clean:         0 kB
Private_Dirty:         4 kB
Referenced:            4 kB
Anonymous:             4 kB
KSM:                   0 kB
LazyFree:              0 kB
AnonHugePages:         0 kB
ShmemPmdMapped:        0 kB
FilePmdMapped:         0 kB
Shared_Hugetlb:        0 kB
Private_Hugetlb:       0 kB
Swap:                  0 kB
SwapPss:               0 kB
Locked:                0 kB
THPeligible:           0
VmFlags: rd wr mr mw me ac sd
5e912f99d000-5e912f9be000 rw-p 00000000 00:00 0                          [heap]
Size:                132 kB
KernelPageSize:        4 kB
MMUPageSize:           4 kB
Rss:                  20 kB
Pss:                  20 kB
Pss_Dirty:            20 kB
Shared_Clean:          0 kB
Shared_Dirty:          0 kB
Private_Clean:         0 kB
Private_Dirty:        20 kB
Referenced:           20 kB
Anonymous:            20 kB
KSM:                   0 kB
LazyFree:              0 kB
AnonHugePages:         0 kB
ShmemPmdMapped:        0 kB
FilePmdMapped:         0 kB
Shared_Hugetlb:        0 kB
Private_Hugetlb:       0 kB
Swap:                  0 kB
SwapPss:               0 kB
Locked:                0 kB
THPeligible:           0
VmFlags: rd wr mr mw me ac sd
73fc4aa00000-73fc4aa28000 r--p 00000000 08:30 12801                      /usr/lib/x86_64-linux-gnu/libc.so.6
Size:                160 kB
KernelPageSize:        4 kB
MMUPageSize:           4 kB
Rss:                 156 kB
Pss:                   6 kB
Pss_Dirty:             0 kB
Shared_Clean:        156 kB
Shared_Dirty:          0 kB
Private_Clean:         0 kB
Private_Dirty:         0 kB
Referenced:          156 kB
Anonymous:             0 kB
KSM:                   0 kB
LazyFree:              0 kB
AnonHugePages:         0 kB
ShmemPmdMapped:        0 kB
FilePmdMapped:         0 kB
Shared_Hugetlb:        0 kB
Private_Hugetlb:       0 kB
Swap:                  0 kB
SwapPss:               0 kB
Locked:                0 kB
THPeligible:           0
VmFlags: rd mr mw me sd
73fc4aa28000-73fc4abb0000 r-xp 00028000 08:30 12801                      /usr/lib/x86_64-linux-gnu/libc.so.6
Size:               1568 kB
KernelPageSize:        4 kB
MMUPageSize:           4 kB
Rss:                1096 kB
Pss:                  39 kB
Pss_Dirty:             0 kB
Shared_Clean:       1096 kB
Shared_Dirty:          0 kB
Private_Clean:         0 kB
Private_Dirty:         0 kB
Referenced:         1096 kB
Anonymous:             0 kB
KSM:                   0 kB
LazyFree:              0 kB
AnonHugePages:         0 kB
ShmemPmdMapped:        0 kB
FilePmdMapped:         0 kB
Shared_Hugetlb:        0 kB
Private_Hugetlb:       0 kB
Swap:                  0 kB
SwapPss:               0 kB
Locked:                0 kB
THPeligible:           0
VmFlags: rd ex mr mw me sd
73fc4abb0000-73fc4abff000 r--p 001b0000 08:30 12801                      /usr/lib/x86_64-linux-gnu/libc.so.6
Size:                316 kB
KernelPageSize:        4 kB
MMUPageSize:           4 kB
Rss:                 188 kB
Pss:                   6 kB
Pss_Dirty:             0 kB
Shared_Clean:        188 kB
Shared_Dirty:          0 kB
Private_Clean:         0 kB
Private_Dirty:         0 kB
Referenced:          188 kB
Anonymous:             0 kB
KSM:                   0 kB
LazyFree:              0 kB
AnonHugePages:         0 kB
ShmemPmdMapped:        0 kB
FilePmdMapped:         0 kB
Shared_Hugetlb:        0 kB
Private_Hugetlb:       0 kB
Swap:                  0 kB
SwapPss:               0 kB
Locked:                0 kB
THPeligible:           0
VmFlags: rd mr mw me sd
73fc4abff000-73fc4ac03000 r--p 001fe000 08:30 12801                      /usr/lib/x86_64-linux-gnu/libc.so.6
Size:                 16 kB
KernelPageSize:        4 kB
MMUPageSize:           4 kB
Rss:                  16 kB
Pss:                  16 kB
Pss_Dirty:            16 kB
Shared_Clean:          0 kB
Shared_Dirty:          0 kB
Private_Clean:         0 kB
Private_Dirty:        16 kB
Referenced:           16 kB
Anonymous:            16 kB
KSM:                   0 kB
LazyFree:              0 kB
AnonHugePages:         0 kB
ShmemPmdMapped:        0 kB
FilePmdMapped:         0 kB
Shared_Hugetlb:        0 kB
Private_Hugetlb:       0 kB
Swap:                  0 kB
SwapPss:               0 kB
Locked:                0 kB
THPeligible:           0
VmFlags: rd mr mw me ac sd
73fc4ac03000-73fc4ac05000 rw-p 00202000 08:30 12801                      /usr/lib/x86_64-linux-gnu/libc.so.6
Size:                  8 kB
KernelPageSize:        4 kB
MMUPageSize:           4 kB
Rss:                   8 kB
Pss:                   8 kB
Pss_Dirty:             8 kB
Shared_Clean:          0 kB
Shared_Dirty:          0 kB
Private_Clean:         0 kB
Private_Dirty:         8 kB
Referenced:            8 kB
Anonymous:             8 kB
KSM:                   0 kB
LazyFree:              0 kB
AnonHugePages:         0 kB
ShmemPmdMapped:        0 kB
FilePmdMapped:         0 kB
Shared_Hugetlb:        0 kB
Private_Hugetlb:       0 kB
Swap:                  0 kB
SwapPss:               0 kB
Locked:                0 kB
THPeligible:           0
VmFlags: rd wr mr mw me ac sd
73fc4ac05000-73fc4ac12000 rw-p 00000000 00:00 0
Size:                 52 kB
KernelPageSize:        4 kB
MMUPageSize:           4 kB
Rss:                  20 kB
Pss:                  20 kB
Pss_Dirty:            20 kB
Shared_Clean:          0 kB
Shared_Dirty:          0 kB
Private_Clean:         0 kB
Private_Dirty:        20 kB
Referenced:           20 kB
Anonymous:            20 kB
KSM:                   0 kB
LazyFree:              0 kB
AnonHugePages:         0 kB
ShmemPmdMapped:        0 kB
FilePmdMapped:         0 kB
Shared_Hugetlb:        0 kB
Private_Hugetlb:       0 kB
Swap:                  0 kB
SwapPss:               0 kB
Locked:                0 kB
THPeligible:           0
VmFlags: rd wr mr mw me ac sd
73fc4ad6d000-73fc4adc6000 r--p 00000000 08:30 2599                       /usr/lib/locale/C.utf8/LC_CTYPE
Size:                356 kB
KernelPageSize:        4 kB
MMUPageSize:           4 kB
Rss:                 124 kB
Pss:                  16 kB
Pss_Dirty:             0 kB
Shared_Clean:        124 kB
Shared_Dirty:          0 kB
Private_Clean:         0 kB
Private_Dirty:         0 kB
Referenced:          124 kB
Anonymous:             0 kB
KSM:                   0 kB
LazyFree:              0 kB
AnonHugePages:         0 kB
ShmemPmdMapped:        0 kB
FilePmdMapped:         0 kB
Shared_Hugetlb:        0 kB
Private_Hugetlb:       0 kB
Swap:                  0 kB
SwapPss:               0 kB
Locked:                0 kB
THPeligible:           0
VmFlags: rd mr mw me sd
73fc4adc6000-73fc4adc7000 r--p 00000000 08:30 2606                       /usr/lib/locale/C.utf8/LC_NUMERIC
Size:                  4 kB
KernelPageSize:        4 kB
MMUPageSize:           4 kB
Rss:                   4 kB
Pss:                   0 kB
Pss_Dirty:             0 kB
Shared_Clean:          4 kB
Shared_Dirty:          0 kB
Private_Clean:         0 kB
Private_Dirty:         0 kB
Referenced:            4 kB
Anonymous:             0 kB
KSM:                   0 kB
LazyFree:              0 kB
AnonHugePages:         0 kB
ShmemPmdMapped:        0 kB
FilePmdMapped:         0 kB
Shared_Hugetlb:        0 kB
Private_Hugetlb:       0 kB
Swap:                  0 kB
SwapPss:               0 kB
Locked:                0 kB
THPeligible:           0
VmFlags: rd mr mw me sd
73fc4adc7000-73fc4adc8000 r--p 00000000 08:30 2609                       /usr/lib/locale/C.utf8/LC_TIME
Size:                  4 kB
KernelPageSize:        4 kB
MMUPageSize:           4 kB
Rss:                   4 kB
Pss:                   0 kB
Pss_Dirty:             0 kB
Shared_Clean:          4 kB
Shared_Dirty:          0 kB
Private_Clean:         0 kB
Private_Dirty:         0 kB
Referenced:            4 kB
Anonymous:             0 kB
KSM:                   0 kB
LazyFree:              0 kB
AnonHugePages:         0 kB
ShmemPmdMapped:        0 kB
FilePmdMapped:         0 kB
Shared_Hugetlb:        0 kB
Private_Hugetlb:       0 kB
Swap:                  0 kB
SwapPss:               0 kB
Locked:                0 kB
THPeligible:           0
VmFlags: rd mr mw me sd
73fc4adc8000-73fc4adc9000 r--p 00000000 08:30 2598                       /usr/lib/locale/C.utf8/LC_COLLATE
Size:                  4 kB
KernelPageSize:        4 kB
MMUPageSize:           4 kB
Rss:                   4 kB
Pss:                   0 kB
Pss_Dirty:             0 kB
Shared_Clean:          4 kB
Shared_Dirty:          0 kB
Private_Clean:         0 kB
Private_Dirty:         0 kB
Referenced:            4 kB
Anonymous:             0 kB
KSM:                   0 kB
LazyFree:              0 kB
AnonHugePages:         0 kB
ShmemPmdMapped:        0 kB
FilePmdMapped:         0 kB
Shared_Hugetlb:        0 kB
Private_Hugetlb:       0 kB
Swap:                  0 kB
SwapPss:               0 kB
Locked:                0 kB
THPeligible:           0
VmFlags: rd mr mw me sd
73fc4adc9000-73fc4adca000 r--p 00000000 08:30 2604                       /usr/lib/locale/C.utf8/LC_MONETARY
Size:                  4 kB
KernelPageSize:        4 kB
MMUPageSize:           4 kB
Rss:                   4 kB
Pss:                   0 kB
Pss_Dirty:             0 kB
Shared_Clean:          4 kB
Shared_Dirty:          0 kB
Private_Clean:         0 kB
Private_Dirty:         0 kB
Referenced:            4 kB
Anonymous:             0 kB
KSM:                   0 kB
LazyFree:              0 kB
AnonHugePages:         0 kB
ShmemPmdMapped:        0 kB
FilePmdMapped:         0 kB
Shared_Hugetlb:        0 kB
Private_Hugetlb:       0 kB
Swap:                  0 kB
SwapPss:               0 kB
Locked:                0 kB
THPeligible:           0
VmFlags: rd mr mw me sd
73fc4adca000-73fc4adcb000 r--p 00000000 08:30 2603                       /usr/lib/locale/C.utf8/LC_MESSAGES/SYS_LC_MESSAGES
Size:                  4 kB
KernelPageSize:        4 kB
MMUPageSize:           4 kB
Rss:                   4 kB
Pss:                   0 kB
Pss_Dirty:             0 kB
Shared_Clean:          4 kB
Shared_Dirty:          0 kB
Private_Clean:         0 kB
Private_Dirty:         0 kB
Referenced:            4 kB
Anonymous:             0 kB
KSM:                   0 kB
LazyFree:              0 kB
AnonHugePages:         0 kB
ShmemPmdMapped:        0 kB
FilePmdMapped:         0 kB
Shared_Hugetlb:        0 kB
Private_Hugetlb:       0 kB
Swap:                  0 kB
SwapPss:               0 kB
Locked:                0 kB
THPeligible:           0
VmFlags: rd mr mw me sd
73fc4adcb000-73fc4adcc000 r--p 00000000 08:30 2607                       /usr/lib/locale/C.utf8/LC_PAPER
Size:                  4 kB
KernelPageSize:        4 kB
MMUPageSize:           4 kB
Rss:                   4 kB
Pss:                   0 kB
Pss_Dirty:             0 kB
Shared_Clean:          4 kB
Shared_Dirty:          0 kB
Private_Clean:         0 kB
Private_Dirty:         0 kB
Referenced:            4 kB
Anonymous:             0 kB
KSM:                   0 kB
LazyFree:              0 kB
AnonHugePages:         0 kB
ShmemPmdMapped:        0 kB
FilePmdMapped:         0 kB
Shared_Hugetlb:        0 kB
Private_Hugetlb:       0 kB
Swap:                  0 kB
SwapPss:               0 kB
Locked:                0 kB
THPeligible:           0
VmFlags: rd mr mw me sd
73fc4adcc000-73fc4add3000 r--s 00000000 08:30 12517                      /usr/lib/x86_64-linux-gnu/gconv/gconv-modules.cache
Size:                 28 kB
KernelPageSize:        4 kB
MMUPageSize:           4 kB
Rss:                  28 kB
Pss:                   2 kB
Pss_Dirty:             0 kB
Shared_Clean:         28 kB
Shared_Dirty:          0 kB
Private_Clean:         0 kB
Private_Dirty:         0 kB
Referenced:           28 kB
Anonymous:             0 kB
KSM:                   0 kB
LazyFree:              0 kB
AnonHugePages:         0 kB
ShmemPmdMapped:        0 kB
FilePmdMapped:         0 kB
Shared_Hugetlb:        0 kB
Private_Hugetlb:       0 kB
Swap:                  0 kB
SwapPss:               0 kB
Locked:                0 kB
THPeligible:           0
VmFlags: rd mr me ms sd
73fc4add3000-73fc4add6000 rw-p 00000000 00:00 0
Size:                 12 kB
KernelPageSize:        4 kB
MMUPageSize:           4 kB
Rss:                   8 kB
Pss:                   8 kB
Pss_Dirty:             8 kB
Shared_Clean:          0 kB
Shared_Dirty:          0 kB
Private_Clean:         0 kB
Private_Dirty:         8 kB
Referenced:            8 kB
Anonymous:             8 kB
KSM:                   0 kB
LazyFree:              0 kB
AnonHugePages:         0 kB
ShmemPmdMapped:        0 kB
FilePmdMapped:         0 kB
Shared_Hugetlb:        0 kB
Private_Hugetlb:       0 kB
Swap:                  0 kB
SwapPss:               0 kB
Locked:                0 kB
THPeligible:           0
VmFlags: rd wr mr mw me ac sd
73fc4add6000-73fc4add7000 r--p 00000000 08:30 2605                       /usr/lib/locale/C.utf8/LC_NAME
Size:                  4 kB
KernelPageSize:        4 kB
MMUPageSize:           4 kB
Rss:                   4 kB
Pss:                   0 kB
Pss_Dirty:             0 kB
Shared_Clean:          4 kB
Shared_Dirty:          0 kB
Private_Clean:         0 kB
Private_Dirty:         0 kB
Referenced:            4 kB
Anonymous:             0 kB
KSM:                   0 kB
LazyFree:              0 kB
AnonHugePages:         0 kB
ShmemPmdMapped:        0 kB
FilePmdMapped:         0 kB
Shared_Hugetlb:        0 kB
Private_Hugetlb:       0 kB
Swap:                  0 kB
SwapPss:               0 kB
Locked:                0 kB
THPeligible:           0
VmFlags: rd mr mw me sd
73fc4add7000-73fc4add8000 r--p 00000000 08:30 2597                       /usr/lib/locale/C.utf8/LC_ADDRESS
Size:                  4 kB
KernelPageSize:        4 kB
MMUPageSize:           4 kB
Rss:                   4 kB
Pss:                   0 kB
Pss_Dirty:             0 kB
Shared_Clean:          4 kB
Shared_Dirty:          0 kB
Private_Clean:         0 kB
Private_Dirty:         0 kB
Referenced:            4 kB
Anonymous:             0 kB
KSM:                   0 kB
LazyFree:              0 kB
AnonHugePages:         0 kB
ShmemPmdMapped:        0 kB
FilePmdMapped:         0 kB
Shared_Hugetlb:        0 kB
Private_Hugetlb:       0 kB
Swap:                  0 kB
SwapPss:               0 kB
Locked:                0 kB
THPeligible:           0
VmFlags: rd mr mw me sd
73fc4add8000-73fc4add9000 r--p 00000000 08:30 2608                       /usr/lib/locale/C.utf8/LC_TELEPHONE
Size:                  4 kB
KernelPageSize:        4 kB
MMUPageSize:           4 kB
Rss:                   4 kB
Pss:                   0 kB
Pss_Dirty:             0 kB
Shared_Clean:          4 kB
Shared_Dirty:          0 kB
Private_Clean:         0 kB
Private_Dirty:         0 kB
Referenced:            4 kB
Anonymous:             0 kB
KSM:                   0 kB
LazyFree:              0 kB
AnonHugePages:         0 kB
ShmemPmdMapped:        0 kB
FilePmdMapped:         0 kB
Shared_Hugetlb:        0 kB
Private_Hugetlb:       0 kB
Swap:                  0 kB
SwapPss:               0 kB
Locked:                0 kB
THPeligible:           0
VmFlags: rd mr mw me sd
73fc4add9000-73fc4adda000 r--p 00000000 08:30 2601                       /usr/lib/locale/C.utf8/LC_MEASUREMENT
Size:                  4 kB
KernelPageSize:        4 kB
MMUPageSize:           4 kB
Rss:                   4 kB
Pss:                   0 kB
Pss_Dirty:             0 kB
Shared_Clean:          4 kB
Shared_Dirty:          0 kB
Private_Clean:         0 kB
Private_Dirty:         0 kB
Referenced:            4 kB
Anonymous:             0 kB
KSM:                   0 kB
LazyFree:              0 kB
AnonHugePages:         0 kB
ShmemPmdMapped:        0 kB
FilePmdMapped:         0 kB
Shared_Hugetlb:        0 kB
Private_Hugetlb:       0 kB
Swap:                  0 kB
SwapPss:               0 kB
Locked:                0 kB
THPeligible:           0
VmFlags: rd mr mw me sd
73fc4adda000-73fc4addb000 r--p 00000000 08:30 2600                       /usr/lib/locale/C.utf8/LC_IDENTIFICATION
Size:                  4 kB
KernelPageSize:        4 kB
MMUPageSize:           4 kB
Rss:                   4 kB
Pss:                   0 kB
Pss_Dirty:             0 kB
Shared_Clean:          4 kB
Shared_Dirty:          0 kB
Private_Clean:         0 kB
Private_Dirty:         0 kB
Referenced:            4 kB
Anonymous:             0 kB
KSM:                   0 kB
LazyFree:              0 kB
AnonHugePages:         0 kB
ShmemPmdMapped:        0 kB
FilePmdMapped:         0 kB
Shared_Hugetlb:        0 kB
Private_Hugetlb:       0 kB
Swap:                  0 kB
SwapPss:               0 kB
Locked:                0 kB
THPeligible:           0
VmFlags: rd mr mw me sd
73fc4addb000-73fc4addd000 rw-p 00000000 00:00 0
Size:                  8 kB
KernelPageSize:        4 kB
MMUPageSize:           4 kB
Rss:                   4 kB
Pss:                   4 kB
Pss_Dirty:             4 kB
Shared_Clean:          0 kB
Shared_Dirty:          0 kB
Private_Clean:         0 kB
Private_Dirty:         4 kB
Referenced:            4 kB
Anonymous:             4 kB
KSM:                   0 kB
LazyFree:              0 kB
AnonHugePages:         0 kB
ShmemPmdMapped:        0 kB
FilePmdMapped:         0 kB
Shared_Hugetlb:        0 kB
Private_Hugetlb:       0 kB
Swap:                  0 kB
SwapPss:               0 kB
Locked:                0 kB
THPeligible:           0
VmFlags: rd wr mr mw me ac sd
73fc4addd000-73fc4adde000 r--p 00000000 08:30 12598                      /usr/lib/x86_64-linux-gnu/ld-linux-x86-64.so.2
Size:                  4 kB
KernelPageSize:        4 kB
MMUPageSize:           4 kB
Rss:                   4 kB
Pss:                   0 kB
Pss_Dirty:             0 kB
Shared_Clean:          4 kB
Shared_Dirty:          0 kB
Private_Clean:         0 kB
Private_Dirty:         0 kB
Referenced:            4 kB
Anonymous:             0 kB
KSM:                   0 kB
LazyFree:              0 kB
AnonHugePages:         0 kB
ShmemPmdMapped:        0 kB
FilePmdMapped:         0 kB
Shared_Hugetlb:        0 kB
Private_Hugetlb:       0 kB
Swap:                  0 kB
SwapPss:               0 kB
Locked:                0 kB
THPeligible:           0
VmFlags: rd mr mw me sd
73fc4adde000-73fc4ae09000 r-xp 00001000 08:30 12598                      /usr/lib/x86_64-linux-gnu/ld-linux-x86-64.so.2
Size:                172 kB
KernelPageSize:        4 kB
MMUPageSize:           4 kB
Rss:                 172 kB
Pss:                   6 kB
Pss_Dirty:             0 kB
Shared_Clean:        172 kB
Shared_Dirty:          0 kB
Private_Clean:         0 kB
Private_Dirty:         0 kB
Referenced:          172 kB
Anonymous:             0 kB
KSM:                   0 kB
LazyFree:              0 kB
AnonHugePages:         0 kB
ShmemPmdMapped:        0 kB
FilePmdMapped:         0 kB
Shared_Hugetlb:        0 kB
Private_Hugetlb:       0 kB
Swap:                  0 kB
SwapPss:               0 kB
Locked:                0 kB
THPeligible:           0
VmFlags: rd ex mr mw me sd
73fc4ae09000-73fc4ae13000 r--p 0002c000 08:30 12598                      /usr/lib/x86_64-linux-gnu/ld-linux-x86-64.so.2
Size:                 40 kB
KernelPageSize:        4 kB
MMUPageSize:           4 kB
Rss:                  40 kB
Pss:                   1 kB
Pss_Dirty:             0 kB
Shared_Clean:         40 kB
Shared_Dirty:          0 kB
Private_Clean:         0 kB
Private_Dirty:         0 kB
Referenced:           40 kB
Anonymous:             0 kB
KSM:                   0 kB
LazyFree:              0 kB
AnonHugePages:         0 kB
ShmemPmdMapped:        0 kB
FilePmdMapped:         0 kB
Shared_Hugetlb:        0 kB
Private_Hugetlb:       0 kB
Swap:                  0 kB
SwapPss:               0 kB
Locked:                0 kB
THPeligible:           0
VmFlags: rd mr mw me sd
73fc4ae13000-73fc4ae15000 r--p 00036000 08:30 12598                      /usr/lib/x86_64-linux-gnu/ld-linux-x86-64.so.2
Size:                  8 kB
KernelPageSize:        4 kB
MMUPageSize:           4 kB
Rss:                   8 kB
Pss:                   8 kB
Pss_Dirty:             8 kB
Shared_Clean:          0 kB
Shared_Dirty:          0 kB
Private_Clean:         0 kB
Private_Dirty:         8 kB
Referenced:            8 kB
Anonymous:             8 kB
KSM:                   0 kB
LazyFree:              0 kB
AnonHugePages:         0 kB
ShmemPmdMapped:        0 kB
FilePmdMapped:         0 kB
Shared_Hugetlb:        0 kB
Private_Hugetlb:       0 kB
Swap:                  0 kB
SwapPss:               0 kB
Locked:                0 kB
THPeligible:           0
VmFlags: rd mr mw me ac sd
73fc4ae15000-73fc4ae17000 rw-p 00038000 08:30 12598                      /usr/lib/x86_64-linux-gnu/ld-linux-x86-64.so.2
Size:                  8 kB
KernelPageSize:        4 kB
MMUPageSize:           4 kB
Rss:                   8 kB
Pss:                   8 kB
Pss_Dirty:             8 kB
Shared_Clean:          0 kB
Shared_Dirty:          0 kB
Private_Clean:         0 kB
Private_Dirty:         8 kB
Referenced:            8 kB
Anonymous:             8 kB
KSM:                   0 kB
LazyFree:              0 kB
AnonHugePages:         0 kB
ShmemPmdMapped:        0 kB
FilePmdMapped:         0 kB
Shared_Hugetlb:        0 kB
Private_Hugetlb:       0 kB
Swap:                  0 kB
SwapPss:               0 kB
Locked:                0 kB
THPeligible:           0
VmFlags: rd wr mr mw me ac sd
7fff15583000-7fff155a5000 rw-p 00000000 00:00 0                          [stack]
Size:                136 kB
KernelPageSize:        4 kB
MMUPageSize:           4 kB
Rss:                  20 kB
Pss:                  20 kB
Pss_Dirty:            20 kB
Shared_Clean:          0 kB
Shared_Dirty:          0 kB
Private_Clean:         0 kB
Private_Dirty:        20 kB
Referenced:           20 kB
Anonymous:            20 kB
KSM:                   0 kB
LazyFree:              0 kB
AnonHugePages:         0 kB
ShmemPmdMapped:        0 kB
FilePmdMapped:         0 kB
Shared_Hugetlb:        0 kB
Private_Hugetlb:       0 kB
Swap:                  0 kB
SwapPss:               0 kB
Locked:                0 kB
THPeligible:           0
VmFlags: rd wr mr mw me gd ac
7fff155af000-7fff155b3000 r--p 00000000 00:00 0                          [vvar]
Size:                 16 kB
KernelPageSize:        4 kB
MMUPageSize:           4 kB
Rss:                   0 kB
Pss:                   0 kB
Pss_Dirty:             0 kB
Shared_Clean:          0 kB
Shared_Dirty:          0 kB
Private_Clean:         0 kB
Private_Dirty:         0 kB
Referenced:            0 kB
Anonymous:             0 kB
KSM:                   0 kB
LazyFree:              0 kB
AnonHugePages:         0 kB
ShmemPmdMapped:        0 kB
FilePmdMapped:         0 kB
Shared_Hugetlb:        0 kB
Private_Hugetlb:       0 kB
Swap:                  0 kB
SwapPss:               0 kB
Locked:                0 kB
THPeligible:           0
VmFlags: rd mr pf io de dd sd
7fff155b3000-7fff155b5000 r-xp 00000000 00:00 0                          [vdso]
Size:                  8 kB
KernelPageSize:        4 kB
MMUPageSize:           4 kB
Rss:                   4 kB
Pss:                   0 kB
Pss_Dirty:             0 kB
Shared_Clean:          4 kB
Shared_Dirty:          0 kB
Private_Clean:         0 kB
Private_Dirty:         0 kB
Referenced:            4 kB
Anonymous:             0 kB
KSM:                   0 kB
LazyFree:              0 kB
AnonHugePages:         0 kB
ShmemPmdMapped:        0 kB
FilePmdMapped:         0 kB
Shared_Hugetlb:        0 kB
Private_Hugetlb:       0 kB
Swap:                  0 kB
SwapPss:               0 kB
Locked:                0 kB
THPeligible:           0
VmFlags: rd ex mr mw me de sd`